I'm sorry, but errors were detected in your script. Please correct the
errors listed below, and try again.


File "game/script.rpy", line 405: Line is indented, but the preceding play music statement statement does not expect a block. Please check this line's indentation. You may have forgotten a colon (:).
    show mascotte
    ^

File "game/script.rpy", line 408: expected statement.
    else: 
        ^

Ren'Py Version: Ren'Py 8.1.3.23091805
Mon Feb 19 23:51:37 2024
